../Core/Src/main.c:90:6:HAL_UART_RxCpltCallback	9
../Core/Src/main.c:163:6:parse_mov_command	3
../Core/Src/main.c:182:6:parse_set_command	3
../Core/Src/main.c:221:6:MYPROG_Delay	1
../Core/Src/main.c:226:6:MYPROG_enable_az	1
../Core/Src/main.c:231:6:MYPROG_disable_az	1
../Core/Src/main.c:239:6:MYPROG_enable_el	1
../Core/Src/main.c:245:6:MYPROG_disable_el	1
../Core/Src/main.c:254:6:MYPROG_SendData	1
../Core/Src/main.c:259:6:MYPROG_GetData	1
../Core/Src/main.c:264:6:MYPROG_main_loop	10
../Core/Src/main.c:347:6:MYPROG_move_axis	5
../Core/Src/main.c:390:6:MYPROG_motor_control_loop	9
../Core/Src/main.c:473:5:main	1
../Core/Src/main.c:537:6:SystemClock_Config	3
../Core/Src/main.c:583:13:MX_TIM1_Init	3
../Core/Src/main.c:633:13:MX_TIM2_Init	3
../Core/Src/main.c:682:13:MX_TIM3_Init	9
../Core/Src/main.c:753:13:MX_USART1_UART_Init	2
../Core/Src/main.c:786:13:MX_GPIO_Init	1
../Core/Src/main.c:830:6:Error_Handler	1
